

Version:	3.50
CmdLine:	C:\Users\Windows 11\OneDrive\Documentos\pojetos java\TrabalhoCalculoComputacional.exe --l4j-debug
JNI:		No
WOW64:		Yes
Working dir:	C:\Users\Windows 11\OneDrive\Documentos\pojetos java\.
Requires JDK:	No
Requires 64-Bit: No
Java min ver:	1.008.000
Java max ver:	
Substitute:	JAVA_HOME = 
Substitute:	PATH = C:\Program Files (x86)\Common Files\Oracle\Java\java8path;C:\Program Files (x86)\Common Files\Oracle\Java\javapath;C:\WINDOWS\system32;C:\WINDOWS;C:\WINDOWS\System32\Wbem;C:\WINDOWS\System32\WindowsPowerShell\v1.0\;C:\WINDOWS\System32\OpenSSH\;C:\Program Files\dotnet\;C:\Program Files\nodejs\;C:\Users\Windows 11\AppData\Local\Programs\Python\Python312\Scripts\;C:\Users\Windows 11\AppData\Local\Programs\Python\Python312\;C:\Users\Windows 11\AppData\Local\Microsoft\WindowsApps;C:\Users\Windows 11\AppData\Roaming\npm;C:\Users\Windows 11\AppData\Local\Programs\Microsoft VS Code\bin;C:\Users\Windows 11\AppData\Local\Python\bin;C:\Program Files\Java\jre1.8.0_481\bin
JRE paths:	;C:\Program Files (x86)\Common Files\Oracle\Java\java8path;C:\Program Files (x86)\Common Files\Oracle\Java\javapath;C:\WINDOWS\system32;C:\WINDOWS;C:\WINDOWS\System32\Wbem;C:\WINDOWS\System32\WindowsPowerShell\v1.0\;C:\WINDOWS\System32\OpenSSH\;C:\Program Files\dotnet\;C:\Program Files\nodejs\;C:\Users\Windows 11\AppData\Local\Programs\Python\Python312\Scripts\;C:\Users\Windows 11\AppData\Local\Programs\Python\Python312\;C:\Users\Windows 11\AppData\Local\Microsoft\WindowsApps;C:\Users\Windows 11\AppData\Roaming\npm;C:\Users\Windows 11\AppData\Local\Programs\Microsoft VS Code\bin;C:\Users\Windows 11\AppData\Local\Python\bin;C:\Program Files\Java\jre1.8.0_481\bin
Check launcher:	C:\Program Files (x86)\Common Files\Oracle\Java\java8path\bin\javaw.exe (not found)
Check launcher:	C:\Program Files (x86)\Common Files\Oracle\Java\javapath\bin\javaw.exe (not found)
Check launcher:	C:\WINDOWS\system32\bin\javaw.exe (not found)
Check launcher:	C:\WINDOWS\bin\javaw.exe (not found)
Check launcher:	C:\WINDOWS\System32\Wbem\bin\javaw.exe (not found)
Check launcher:	C:\WINDOWS\System32\WindowsPowerShell\v1.0\bin\javaw.exe (not found)
Check launcher:	C:\WINDOWS\System32\OpenSSH\bin\javaw.exe (not found)
Check launcher:	C:\Program Files\dotnet\bin\javaw.exe (not found)
Check launcher:	C:\Program Files\nodejs\bin\javaw.exe (not found)
Check launcher:	C:\Users\Windows 11\AppData\Local\Programs\Python\Python312\Scripts\bin\javaw.exe (not found)
Check launcher:	C:\Users\Windows 11\AppData\Local\Programs\Python\Python312\bin\javaw.exe (not found)
Check launcher:	C:\Users\Windows 11\AppData\Local\Microsoft\WindowsApps\bin\javaw.exe (not found)
Check launcher:	C:\Users\Windows 11\AppData\Roaming\npm\bin\javaw.exe (not found)
Check launcher:	C:\Users\Windows 11\AppData\Local\Programs\Microsoft VS Code\bin\javaw.exe (not found)
Check launcher:	C:\Users\Windows 11\AppData\Local\Python\bin\javaw.exe (not found)
Check launcher:	C:\Program Files\Java\jre1.8.0_481\bin\javaw.exe (OK)
Version string: 1.008.000_481 / 64-Bit (OK)
Launcher:	C:\Program Files\Java\jre1.8.0_481\bin\javaw.exe
Launcher args:	-jar "C:\Users\Windows 11\OneDrive\Documentos\pojetos java\TrabalhoCalculoComputacional.exe"
Args length:	92/32768 chars
Exit code:	0


Version:	3.50
CmdLine:	C:\Users\Windows 11\OneDrive\Documentos\pojetos java\TrabalhoCalculoComputacional.exe --l4j-debug
JNI:		No
WOW64:		Yes
Working dir:	C:\Users\Windows 11\OneDrive\Documentos\pojetos java\.
Requires JDK:	No
Requires 64-Bit: No
Java min ver:	1.008.000
Java max ver:	
Substitute:	JAVA_HOME = 
Substitute:	PATH = C:\Program Files (x86)\Common Files\Oracle\Java\java8path;C:\Program Files (x86)\Common Files\Oracle\Java\javapath;C:\WINDOWS\system32;C:\WINDOWS;C:\WINDOWS\System32\Wbem;C:\WINDOWS\System32\WindowsPowerShell\v1.0\;C:\WINDOWS\System32\OpenSSH\;C:\Program Files\dotnet\;C:\Program Files\nodejs\;C:\Users\Windows 11\AppData\Local\Programs\Python\Python312\Scripts\;C:\Users\Windows 11\AppData\Local\Programs\Python\Python312\;C:\Users\Windows 11\AppData\Local\Microsoft\WindowsApps;C:\Users\Windows 11\AppData\Roaming\npm;C:\Users\Windows 11\AppData\Local\Programs\Microsoft VS Code\bin;C:\Users\Windows 11\AppData\Local\Python\bin;C:\Program Files\Java\jre1.8.0_481\bin
JRE paths:	;C:\Program Files (x86)\Common Files\Oracle\Java\java8path;C:\Program Files (x86)\Common Files\Oracle\Java\javapath;C:\WINDOWS\system32;C:\WINDOWS;C:\WINDOWS\System32\Wbem;C:\WINDOWS\System32\WindowsPowerShell\v1.0\;C:\WINDOWS\System32\OpenSSH\;C:\Program Files\dotnet\;C:\Program Files\nodejs\;C:\Users\Windows 11\AppData\Local\Programs\Python\Python312\Scripts\;C:\Users\Windows 11\AppData\Local\Programs\Python\Python312\;C:\Users\Windows 11\AppData\Local\Microsoft\WindowsApps;C:\Users\Windows 11\AppData\Roaming\npm;C:\Users\Windows 11\AppData\Local\Programs\Microsoft VS Code\bin;C:\Users\Windows 11\AppData\Local\Python\bin;C:\Program Files\Java\jre1.8.0_481\bin
Check launcher:	C:\Program Files (x86)\Common Files\Oracle\Java\java8path\bin\javaw.exe (not found)
Check launcher:	C:\Program Files (x86)\Common Files\Oracle\Java\javapath\bin\javaw.exe (not found)
Check launcher:	C:\WINDOWS\system32\bin\javaw.exe (not found)
Check launcher:	C:\WINDOWS\bin\javaw.exe (not found)
Check launcher:	C:\WINDOWS\System32\Wbem\bin\javaw.exe (not found)
Check launcher:	C:\WINDOWS\System32\WindowsPowerShell\v1.0\bin\javaw.exe (not found)
Check launcher:	C:\WINDOWS\System32\OpenSSH\bin\javaw.exe (not found)
Check launcher:	C:\Program Files\dotnet\bin\javaw.exe (not found)
Check launcher:	C:\Program Files\nodejs\bin\javaw.exe (not found)
Check launcher:	C:\Users\Windows 11\AppData\Local\Programs\Python\Python312\Scripts\bin\javaw.exe (not found)
Check launcher:	C:\Users\Windows 11\AppData\Local\Programs\Python\Python312\bin\javaw.exe (not found)
Check launcher:	C:\Users\Windows 11\AppData\Local\Microsoft\WindowsApps\bin\javaw.exe (not found)
Check launcher:	C:\Users\Windows 11\AppData\Roaming\npm\bin\javaw.exe (not found)
Check launcher:	C:\Users\Windows 11\AppData\Local\Programs\Microsoft VS Code\bin\javaw.exe (not found)
Check launcher:	C:\Users\Windows 11\AppData\Local\Python\bin\javaw.exe (not found)
Check launcher:	C:\Program Files\Java\jre1.8.0_481\bin\javaw.exe (OK)
Version string: 1.008.000_481 / 64-Bit (OK)
Launcher:	C:\Program Files\Java\jre1.8.0_481\bin\javaw.exe
Launcher args:	-jar "C:\Users\Windows 11\OneDrive\Documentos\pojetos java\TrabalhoCalculoComputacional.exe"
Args length:	92/32768 chars
Exit code:	0


Version:	3.50
CmdLine:	C:\Users\Windows 11\OneDrive\Documentos\pojetos java\TrabalhoCalculoComputacional.exe --l4j-debug
JNI:		No
WOW64:		Yes
Working dir:	C:\Users\Windows 11\OneDrive\Documentos\pojetos java\.
Requires JDK:	No
Requires 64-Bit: No
Java min ver:	1.008.000
Java max ver:	
Substitute:	JAVA_HOME = 
Substitute:	PATH = C:\Program Files (x86)\Common Files\Oracle\Java\java8path;C:\Program Files (x86)\Common Files\Oracle\Java\javapath;C:\WINDOWS\system32;C:\WINDOWS;C:\WINDOWS\System32\Wbem;C:\WINDOWS\System32\WindowsPowerShell\v1.0\;C:\WINDOWS\System32\OpenSSH\;C:\Program Files\dotnet\;C:\Program Files\nodejs\;C:\Users\Windows 11\AppData\Local\Programs\Python\Python312\Scripts\;C:\Users\Windows 11\AppData\Local\Programs\Python\Python312\;C:\Users\Windows 11\AppData\Local\Microsoft\WindowsApps;C:\Users\Windows 11\AppData\Roaming\npm;C:\Users\Windows 11\AppData\Local\Programs\Microsoft VS Code\bin;C:\Users\Windows 11\AppData\Local\Python\bin;C:\Program Files\Java\jre1.8.0_481\bin
JRE paths:	;C:\Program Files (x86)\Common Files\Oracle\Java\java8path;C:\Program Files (x86)\Common Files\Oracle\Java\javapath;C:\WINDOWS\system32;C:\WINDOWS;C:\WINDOWS\System32\Wbem;C:\WINDOWS\System32\WindowsPowerShell\v1.0\;C:\WINDOWS\System32\OpenSSH\;C:\Program Files\dotnet\;C:\Program Files\nodejs\;C:\Users\Windows 11\AppData\Local\Programs\Python\Python312\Scripts\;C:\Users\Windows 11\AppData\Local\Programs\Python\Python312\;C:\Users\Windows 11\AppData\Local\Microsoft\WindowsApps;C:\Users\Windows 11\AppData\Roaming\npm;C:\Users\Windows 11\AppData\Local\Programs\Microsoft VS Code\bin;C:\Users\Windows 11\AppData\Local\Python\bin;C:\Program Files\Java\jre1.8.0_481\bin
Check launcher:	C:\Program Files (x86)\Common Files\Oracle\Java\java8path\bin\javaw.exe (not found)
Check launcher:	C:\Program Files (x86)\Common Files\Oracle\Java\javapath\bin\javaw.exe (not found)
Check launcher:	C:\WINDOWS\system32\bin\javaw.exe (not found)
Check launcher:	C:\WINDOWS\bin\javaw.exe (not found)
Check launcher:	C:\WINDOWS\System32\Wbem\bin\javaw.exe (not found)
Check launcher:	C:\WINDOWS\System32\WindowsPowerShell\v1.0\bin\javaw.exe (not found)
Check launcher:	C:\WINDOWS\System32\OpenSSH\bin\javaw.exe (not found)
Check launcher:	C:\Program Files\dotnet\bin\javaw.exe (not found)
Check launcher:	C:\Program Files\nodejs\bin\javaw.exe (not found)
Check launcher:	C:\Users\Windows 11\AppData\Local\Programs\Python\Python312\Scripts\bin\javaw.exe (not found)
Check launcher:	C:\Users\Windows 11\AppData\Local\Programs\Python\Python312\bin\javaw.exe (not found)
Check launcher:	C:\Users\Windows 11\AppData\Local\Microsoft\WindowsApps\bin\javaw.exe (not found)
Check launcher:	C:\Users\Windows 11\AppData\Roaming\npm\bin\javaw.exe (not found)
Check launcher:	C:\Users\Windows 11\AppData\Local\Programs\Microsoft VS Code\bin\javaw.exe (not found)
Check launcher:	C:\Users\Windows 11\AppData\Local\Python\bin\javaw.exe (not found)
Check launcher:	C:\Program Files\Java\jre1.8.0_481\bin\javaw.exe (OK)
Version string: 1.008.000_481 / 64-Bit (OK)
Launcher:	C:\Program Files\Java\jre1.8.0_481\bin\javaw.exe
Launcher args:	-jar "C:\Users\Windows 11\OneDrive\Documentos\pojetos java\TrabalhoCalculoComputacional.exe"
Args length:	92/32768 chars
Exit code:	0


Version:	3.50
CmdLine:	C:\Users\Windows 11\OneDrive\Documentos\pojetos java\TrabalhoCalculoComputacional.exe --l4j-debug
JNI:		No
WOW64:		Yes
Working dir:	C:\Users\Windows 11\OneDrive\Documentos\pojetos java\.
Requires JDK:	No
Requires 64-Bit: No
Java min ver:	1.008.000
Java max ver:	
Substitute:	JAVA_HOME = 
Substitute:	PATH = C:\Program Files (x86)\Common Files\Oracle\Java\java8path;C:\Program Files (x86)\Common Files\Oracle\Java\javapath;C:\WINDOWS\system32;C:\WINDOWS;C:\WINDOWS\System32\Wbem;C:\WINDOWS\System32\WindowsPowerShell\v1.0\;C:\WINDOWS\System32\OpenSSH\;C:\Program Files\dotnet\;C:\Program Files\nodejs\;C:\Users\Windows 11\AppData\Local\Programs\Python\Python312\Scripts\;C:\Users\Windows 11\AppData\Local\Programs\Python\Python312\;C:\Users\Windows 11\AppData\Local\Microsoft\WindowsApps;C:\Users\Windows 11\AppData\Roaming\npm;C:\Users\Windows 11\AppData\Local\Programs\Microsoft VS Code\bin;C:\Users\Windows 11\AppData\Local\Python\bin;C:\Program Files\Java\jre1.8.0_481\bin
JRE paths:	;C:\Program Files (x86)\Common Files\Oracle\Java\java8path;C:\Program Files (x86)\Common Files\Oracle\Java\javapath;C:\WINDOWS\system32;C:\WINDOWS;C:\WINDOWS\System32\Wbem;C:\WINDOWS\System32\WindowsPowerShell\v1.0\;C:\WINDOWS\System32\OpenSSH\;C:\Program Files\dotnet\;C:\Program Files\nodejs\;C:\Users\Windows 11\AppData\Local\Programs\Python\Python312\Scripts\;C:\Users\Windows 11\AppData\Local\Programs\Python\Python312\;C:\Users\Windows 11\AppData\Local\Microsoft\WindowsApps;C:\Users\Windows 11\AppData\Roaming\npm;C:\Users\Windows 11\AppData\Local\Programs\Microsoft VS Code\bin;C:\Users\Windows 11\AppData\Local\Python\bin;C:\Program Files\Java\jre1.8.0_481\bin
Check launcher:	C:\Program Files (x86)\Common Files\Oracle\Java\java8path\bin\javaw.exe (not found)
Check launcher:	C:\Program Files (x86)\Common Files\Oracle\Java\javapath\bin\javaw.exe (not found)
Check launcher:	C:\WINDOWS\system32\bin\javaw.exe (not found)
Check launcher:	C:\WINDOWS\bin\javaw.exe (not found)
Check launcher:	C:\WINDOWS\System32\Wbem\bin\javaw.exe (not found)
Check launcher:	C:\WINDOWS\System32\WindowsPowerShell\v1.0\bin\javaw.exe (not found)
Check launcher:	C:\WINDOWS\System32\OpenSSH\bin\javaw.exe (not found)
Check launcher:	C:\Program Files\dotnet\bin\javaw.exe (not found)
Check launcher:	C:\Program Files\nodejs\bin\javaw.exe (not found)
Check launcher:	C:\Users\Windows 11\AppData\Local\Programs\Python\Python312\Scripts\bin\javaw.exe (not found)
Check launcher:	C:\Users\Windows 11\AppData\Local\Programs\Python\Python312\bin\javaw.exe (not found)
Check launcher:	C:\Users\Windows 11\AppData\Local\Microsoft\WindowsApps\bin\javaw.exe (not found)
Check launcher:	C:\Users\Windows 11\AppData\Roaming\npm\bin\javaw.exe (not found)
Check launcher:	C:\Users\Windows 11\AppData\Local\Programs\Microsoft VS Code\bin\javaw.exe (not found)
Check launcher:	C:\Users\Windows 11\AppData\Local\Python\bin\javaw.exe (not found)
Check launcher:	C:\Program Files\Java\jre1.8.0_481\bin\javaw.exe (OK)
Version string: 1.008.000_481 / 64-Bit (OK)
Launcher:	C:\Program Files\Java\jre1.8.0_481\bin\javaw.exe
Launcher args:	-jar "C:\Users\Windows 11\OneDrive\Documentos\pojetos java\TrabalhoCalculoComputacional.exe"
Args length:	92/32768 chars
Exit code:	0
